2290.386915206909
1633.4972381591797
1950.0617980957031
2279.681444168091
2114.3293380737305
2226.4041900634766
2013.9269828796387
1712.116003036499
2871.523380279541
2638.81778717041
2423.816442489624
2845.0608253479004
3316.9405460357666
2565.9923553466797
3504.760980606079
2811.0063076019287
2427.2987842559814
2382.1020126342773
2267.9338455200195
2056.788206100464
1697.054386138916
1398.744821548462
2432.7871799468994
1472.4032878875732
1457.4635028839111
1739.8979663848877
2299.5052337646484
2092.595100402832
2328.5672664642334
1734.7581386566162
1909.1053009033203
1660.4838371276855
1404.7741889953613
2306.307077407837
1689.4385814666748
2065.7341480255127
2040.3392314910889
2007.652759552002
2143.199920654297
1844.085931777954
2038.6922359466553
1302.6888370513916
1291.269302368164
1332.3707580566406
1234.0073585510254
1240.9722805023193
1089.2226696014404
1743.4399127960205
1800.6117343902588
1694.4029331207275
1205.864429473877
1200.7791996002197
1214.4711017608643
1427.4230003356934
1171.7338562011719
1616.6002750396729
1832.2875499725342
1781.1360359191895
1452.1350860595703
1260.6604099273682
1484.6844673156738
1861.6797924041748
1855.1685810089111
2332.8206539154053
1830.1234245300293
2233.665943145752
1761.9013786315918
2077.5363445281982
1943.7391757965088
2059.514045715332
1270.0915336608887
1195.8303451538086
797.3649501800537
1244.5595264434814
1394.5832252502441
1355.494737625122
1184.5200061798096
3093.14227104187
2139.2180919647217
1006.2532424926758
1123.9969730377197
970.6759452819824
1287.574052810669
1210.1263999938965
2210.5894088745117
2089.250087738037
1855.3097248077393
2268.1994438171387
1631.8812370300293
1543.2922840118408
1367.1021461486816
1311.6016387939453
2534.6078872680664
2636.3863945007324
2602.8835773468018
1546.642780303955
1929.7399520874023
1200.7756233215332
1306.398630142212
1293.2651042938232
2286.311388015747
2311.2781047821045
2136.699676513672
1668.72239112854
2324.7625827789307
1249.8838901519775
1225.1222133636475
1179.6483993530273
2360.6865406036377
2230.685234069824
2225.9366512298584
1823.486089706421
2524.113893508911
1017.0929431915283
1550.4662990570068
1357.4109077453613
836.7195129394531
1187.8643035888672
1716.8619632720947
1283.1635475158691
1809.9644184112549
1449.8658180236816
1795.5389022827148
1742.285966873169
1619.8430061340332
1701.981782913208
1915.374755859375
1963.9229774475098
2320.6417560577393
2202.578067779541
1643.0416107177734
2067.2764778137207
1387.6733779907227
1174.4253635406494
1214.8287296295166
1119.3232536315918
1273.4224796295166
1308.0551624298096
2301.9771575927734
2148.9923000335693
1665.7030582427979
1831.794261932373
2020.080804824829
1990.1702404022217
1413.2592678070068
1170.638084411621
1160.42160987854
1278.9082527160645
1212.6097679138184
1216.116189956665
1203.1843662261963
1223.4089374542236
2718.059301376343
4393.462419509888
3364.356279373169
2591.7909145355225
1937.8583431243896
1815.3893947601318
2156.0773849487305
2082.885503768921
2088.895559310913
2027.9357433319092
4472.345352172852
5010.300874710083
3390.0177478790283
2255.7241916656494
3194.8609352111816
3266.841173171997
2066.399335861206
2878.3469200134277
3528.987169265747
3190.1330947875977
3378.829002380371
2608.100652694702
1529.5255184173584
971.74072265625
2398.3569145202637
1137.2928619384766
1301.999568939209
1488.9307022094727
1561.3269805908203
1804.4118881225586
1775.1262187957764
1335.829734802246
1383.8305473327637
1976.3460159301758
